[n=30 mixed kg_frac=1.0 s=0 gates=two] base=59.8 van=59.4 ours0=59.2 ours=60.6 base_fpg1=58.4 van_fpg1=59.8 ours_fpg1=62.0 
  Times cpu/wall (s): train=255.4/36.6, base=18.3/2.6, vanilla=15.5/2.0, ours0=17.7/2.3, ours=18.5/2.4, oracle=7.2/0.9
[n=30 mixed kg_frac=1.0 s=1 gates=two] base=50.8 van=51.0 ours0=51.0 ours=51.8 base_fpg1=51.2 van_fpg1=50.4 ours_fpg1=55.0 
  Times cpu/wall (s): train=258.5/36.3, base=18.3/2.4, vanilla=65.4/9.7, ours0=48.3/6.9, ours=18.3/2.4, oracle=6.9/0.9
[n=30 mixed kg_frac=1.0 s=2 gates=two] base=49.0 van=48.2 ours0=51.4 ours=55.2 base_fpg1=46.6 van_fpg1=45.8 ours_fpg1=54.6 
  Times cpu/wall (s): train=660.8/94.1, base=17.9/2.3, vanilla=107.1/16.1, ours0=18.0/2.6, ours=23.9/3.2, oracle=6.7/0.9
[n=30 mixed kg_frac=1.0 s=3 gates=two] base=55.2 van=54.2 ours0=55.0 ours=57.6 base_fpg1=55.2 van_fpg1=57.2 ours_fpg1=60.6 
  Times cpu/wall (s): train=753.2/107.6, base=18.7/2.6, vanilla=16.5/2.2, ours0=18.3/2.4, ours=18.6/2.4, oracle=7.0/0.9
[n=30 mixed kg_frac=1.0 s=4 gates=two] base=51.4 van=52.6 ours0=53.2 ours=56.4 base_fpg1=48.4 van_fpg1=51.4 ours_fpg1=63.2 
  Times cpu/wall (s): train=166.4/22.6, base=18.3/2.4, vanilla=15.8/2.1, ours0=18.2/2.4, ours=19.3/2.8, oracle=7.3/1.0
[n=30 mixed kg_frac=1.0 s=5 gates=two] base=55.8 van=57.0 ours0=56.8 ours=59.6 base_fpg1=58.0 van_fpg1=56.4 ours_fpg1=61.0 
  Times cpu/wall (s): train=122.3/16.1, base=18.4/2.4, vanilla=16.2/2.1, ours0=18.6/2.7, ours=19.2/2.5, oracle=7.2/0.9
[n=30 mixed kg_frac=1.0 s=6 gates=two] base=51.4 van=50.6 ours0=52.0 ours=57.2 base_fpg1=52.2 van_fpg1=50.0 ours_fpg1=56.0 
  Times cpu/wall (s): train=126.5/16.9, base=18.0/2.3, vanilla=16.6/2.2, ours0=17.9/2.3, ours=18.4/2.4, oracle=6.9/0.9
[n=30 mixed kg_frac=1.0 s=7 gates=two] base=53.2 van=53.4 ours0=52.8 ours=58.2 base_fpg1=51.8 van_fpg1=54.4 ours_fpg1=56.8 
  Times cpu/wall (s): train=89.0/11.8, base=18.0/2.4, vanilla=16.0/2.1, ours0=17.7/2.3, ours=18.4/2.6, oracle=6.7/0.9
[n=30 mixed kg_frac=1.0 s=8 gates=two] base=49.4 van=50.2 ours0=49.6 ours=57.4 base_fpg1=49.4 van_fpg1=48.6 ours_fpg1=57.4 
  Times cpu/wall (s): train=86.2/11.4, base=18.3/2.6, vanilla=16.0/2.1, ours0=18.0/2.3, ours=18.4/2.4, oracle=6.8/0.9
[n=30 mixed kg_frac=1.0 s=9 gates=two] base=53.6 van=54.0 ours0=52.6 ours=54.8 base_fpg1=53.4 van_fpg1=54.8 ours_fpg1=53.8 
  Times cpu/wall (s): train=75.1/9.9, base=18.1/2.4, vanilla=16.0/2.1, ours0=26.8/3.8, ours=18.4/2.4, oracle=6.9/0.9
[n=60 mixed kg_frac=1.0 s=0 gates=two] base=57.6 van=56.4 ours0=57.8 ours=57.2 base_fpg1=55.2 van_fpg1=58.4 ours_fpg1=57.6 
  Times cpu/wall (s): train=140.6/18.4, base=18.9/2.5, vanilla=17.5/2.3, ours0=19.5/2.7, ours=19.9/2.6, oracle=7.3/1.0
[n=60 mixed kg_frac=1.0 s=1 gates=two] base=61.6 van=62.6 ours0=60.2 ours=63.2 base_fpg1=62.2 van_fpg1=58.2 ours_fpg1=68.2 
  Times cpu/wall (s): train=162.0/21.4, base=19.0/2.5, vanilla=17.4/2.3, ours0=19.0/2.5, ours=55.5/7.9, oracle=7.4/1.0
[n=60 mixed kg_frac=1.0 s=2 gates=two] base=60.4 van=60.2 ours0=63.0 ours=59.0 base_fpg1=61.2 van_fpg1=62.0 ours_fpg1=63.2 
  Times cpu/wall (s): train=91.4/12.0, base=19.1/2.5, vanilla=17.7/2.3, ours0=19.1/2.5, ours=19.5/2.7, oracle=7.4/1.0
[n=60 mixed kg_frac=1.0 s=3 gates=two] base=53.6 van=53.6 ours0=54.4 ours=54.6 base_fpg1=55.2 van_fpg1=52.8 ours_fpg1=52.8 
  Times cpu/wall (s): train=140.2/18.4, base=19.1/2.5, vanilla=17.5/2.5, ours0=18.9/2.5, ours=19.3/2.5, oracle=7.2/0.9
[n=60 mixed kg_frac=1.0 s=4 gates=two] base=56.4 van=59.0 ours0=53.8 ours=58.2 base_fpg1=55.6 van_fpg1=58.0 ours_fpg1=59.0 
  Times cpu/wall (s): train=685.3/97.3, base=18.9/2.5, vanilla=17.3/2.2, ours0=19.0/2.5, ours=19.4/2.5, oracle=7.3/1.0
[n=60 mixed kg_frac=1.0 s=5 gates=two] base=63.6 van=62.6 ours0=65.6 ours=66.6 base_fpg1=64.2 van_fpg1=63.2 ours_fpg1=69.4 
  Times cpu/wall (s): train=186.5/25.0, base=69.0/10.0, vanilla=39.9/5.8, ours0=18.9/2.5, ours=19.5/2.7, oracle=7.2/0.9
[n=60 mixed kg_frac=1.0 s=6 gates=two] base=63.0 van=62.4 ours0=63.6 ours=64.8 base_fpg1=65.6 van_fpg1=64.6 ours_fpg1=63.8 
  Times cpu/wall (s): train=221.6/30.8, base=23.0/3.3, vanilla=17.4/2.3, ours0=19.1/2.5, ours=19.5/2.5, oracle=7.2/0.9
[n=60 mixed kg_frac=1.0 s=7 gates=two] base=48.2 van=50.8 ours0=50.6 ours=51.8 base_fpg1=50.4 van_fpg1=49.2 ours_fpg1=62.8 
  Times cpu/wall (s): train=183.7/24.7, base=19.1/2.5, vanilla=17.5/2.3, ours0=50.0/7.3, ours=36.7/5.0, oracle=7.4/1.1
[n=60 mixed kg_frac=1.0 s=8 gates=two] base=52.8 van=61.0 ours0=57.2 ours=62.2 base_fpg1=50.4 van_fpg1=56.6 ours_fpg1=60.6 
  Times cpu/wall (s): train=107.4/14.1, base=20.0/2.6, vanilla=17.8/2.3, ours0=19.4/2.7, ours=19.9/2.6, oracle=7.3/1.0
[n=60 mixed kg_frac=1.0 s=9 gates=two] base=54.0 van=54.8 ours0=55.6 ours=58.4 base_fpg1=50.6 van_fpg1=51.0 ours_fpg1=60.2 
  Times cpu/wall (s): train=353.2/49.0, base=19.3/2.5, vanilla=17.8/2.3, ours0=19.6/2.6, ours=20.0/2.6, oracle=7.6/1.0
[n=120 mixed kg_frac=1.0 s=0 gates=two] base=62.6 van=62.2 ours0=65.0 ours=63.2 base_fpg1=63.2 van_fpg1=62.6 ours_fpg1=69.4 
  Times cpu/wall (s): train=146.0/19.0, base=20.5/2.7, vanilla=19.6/2.5, ours0=21.1/2.9, ours=21.4/2.8, oracle=8.1/1.1
[n=120 mixed kg_frac=1.0 s=1 gates=two] base=60.2 van=63.2 ours0=65.0 ours=65.4 base_fpg1=60.8 van_fpg1=63.4 ours_fpg1=75.6 
  Times cpu/wall (s): train=111.4/14.5, base=21.3/2.9, vanilla=19.9/2.6, ours0=21.2/2.7, ours=21.7/2.8, oracle=8.1/1.1
[n=120 mixed kg_frac=1.0 s=2 gates=two] base=61.4 van=62.8 ours0=62.6 ours=64.6 base_fpg1=59.4 van_fpg1=61.8 ours_fpg1=80.0 
  Times cpu/wall (s): train=144.8/18.8, base=21.2/2.8, vanilla=20.2/2.6, ours0=20.9/2.7, ours=21.4/2.8, oracle=8.1/1.1
[n=120 mixed kg_frac=1.0 s=3 gates=two] base=66.2 van=66.8 ours0=66.0 ours=67.8 base_fpg1=65.4 van_fpg1=66.6 ours_fpg1=72.8 
  Times cpu/wall (s): train=222.8/28.9, base=43.8/6.1, vanilla=20.2/2.6, ours0=21.7/3.0, ours=21.7/2.8, oracle=8.2/1.1
[n=120 mixed kg_frac=1.0 s=4 gates=two] base=60.8 van=60.8 ours0=62.8 ours=67.8 base_fpg1=60.2 van_fpg1=58.6 ours_fpg1=76.2 
  Times cpu/wall (s): train=189.7/24.8, base=21.9/2.9, vanilla=20.0/2.6, ours0=20.9/2.7, ours=21.5/2.8, oracle=8.2/1.1
[n=120 mixed kg_frac=1.0 s=5 gates=two] base=55.4 van=55.2 ours0=56.8 ours=61.4 base_fpg1=53.8 van_fpg1=50.8 ours_fpg1=75.0 
  Times cpu/wall (s): train=107.8/14.6, base=20.7/2.7, vanilla=19.8/2.6, ours0=20.9/2.7, ours=21.6/3.0, oracle=8.0/1.0
[n=120 mixed kg_frac=1.0 s=6 gates=two] base=62.8 van=62.0 ours0=63.4 ours=61.6 base_fpg1=63.6 van_fpg1=59.4 ours_fpg1=73.0 
  Times cpu/wall (s): train=454.6/62.7, base=20.8/2.9, vanilla=19.6/2.5, ours0=20.5/2.7, ours=21.0/2.7, oracle=7.9/1.0
[n=120 mixed kg_frac=1.0 s=7 gates=two] base=66.2 van=64.6 ours0=66.6 ours=68.0 base_fpg1=67.0 van_fpg1=64.6 ours_fpg1=76.0 
  Times cpu/wall (s): train=147.5/19.2, base=21.4/2.8, vanilla=20.0/2.6, ours0=21.0/2.7, ours=138.1/20.7, oracle=209.7/31.1
[n=120 mixed kg_frac=1.0 s=8 gates=two] base=57.4 van=53.0 ours0=56.0 ours=62.8 base_fpg1=51.2 van_fpg1=52.2 ours_fpg1=72.8 
  Times cpu/wall (s): train=554.9/79.5, base=31.4/4.4, vanilla=58.8/8.4, ours0=63.4/9.5, ours=23.6/3.1, oracle=8.2/1.1
[n=120 mixed kg_frac=1.0 s=9 gates=two] base=58.2 van=58.0 ours0=64.2 ours=64.0 base_fpg1=59.2 van_fpg1=58.8 ours_fpg1=75.2 
  Times cpu/wall (s): train=207.9/27.0, base=20.9/2.7, vanilla=19.9/2.6, ours0=23.3/3.1, ours=34.3/4.6, oracle=8.2/1.1
[n=240 mixed kg_frac=1.0 s=0 gates=two] base=70.6 van=66.2 ours0=74.6 ours=77.0 base_fpg1=63.6 van_fpg1=61.8 ours_fpg1=83.4 
  Times cpu/wall (s): train=775.7/109.4, base=24.9/3.2, vanilla=24.5/3.2, ours0=73.3/10.8, ours=25.3/3.2, oracle=9.4/1.2
[n=240 mixed kg_frac=1.0 s=1 gates=two] base=63.8 van=63.2 ours0=76.6 ours=79.2 base_fpg1=64.2 van_fpg1=64.0 ours_fpg1=84.4 
  Times cpu/wall (s): train=239.1/30.9, base=24.8/3.2, vanilla=24.4/3.2, ours0=24.8/3.2, ours=25.3/3.3, oracle=9.5/1.2
[n=240 mixed kg_frac=1.0 s=2 gates=two] base=62.0 van=62.0 ours0=64.6 ours=62.6 base_fpg1=62.4 van_fpg1=61.2 ours_fpg1=86.6 
  Times cpu/wall (s): train=1131.3/164.4, base=24.0/3.1, vanilla=23.6/3.1, ours0=24.1/3.1, ours=87.3/13.2, oracle=12.7/1.8
[n=240 mixed kg_frac=1.0 s=3 gates=two] base=59.2 van=59.4 ours0=66.6 ours=68.6 base_fpg1=57.6 van_fpg1=57.4 ours_fpg1=77.6 
  Times cpu/wall (s): train=202.7/26.6, base=283.4/43.1, vanilla=58.9/8.3, ours0=24.7/3.2, ours=42.4/5.7, oracle=9.4/1.2
[n=240 mixed kg_frac=1.0 s=4 gates=two] base=64.4 van=63.6 ours0=81.2 ours=81.0 base_fpg1=65.0 van_fpg1=64.0 ours_fpg1=86.4 
  Times cpu/wall (s): train=539.0/75.6, base=24.9/3.2, vanilla=24.6/3.2, ours0=25.0/3.2, ours=25.2/3.2, oracle=9.4/1.2
[n=240 mixed kg_frac=1.0 s=5 gates=two] base=59.8 van=60.2 ours0=75.8 ours=80.4 base_fpg1=60.4 van_fpg1=60.6 ours_fpg1=84.6 
  Times cpu/wall (s): train=427.3/57.0, base=24.9/3.2, vanilla=24.5/3.2, ours0=24.6/3.2, ours=25.5/3.4, oracle=9.5/1.2
[n=240 mixed kg_frac=1.0 s=6 gates=two] base=59.0 van=62.0 ours0=66.4 ours=71.0 base_fpg1=58.6 van_fpg1=60.2 ours_fpg1=83.6 
  Times cpu/wall (s): train=212.7/27.5, base=24.4/3.3, vanilla=24.2/3.1, ours0=24.9/3.2, ours=24.9/3.2, oracle=9.3/1.2
[n=240 mixed kg_frac=1.0 s=7 gates=two] base=59.6 van=60.4 ours0=77.2 ours=75.4 base_fpg1=60.4 van_fpg1=60.2 ours_fpg1=86.0 
  Times cpu/wall (s): train=203.1/26.2, base=25.0/3.2, vanilla=25.1/3.2, ours0=25.0/3.2, ours=25.8/3.3, oracle=10.0/1.5
[n=240 mixed kg_frac=1.0 s=8 gates=two] base=67.4 van=62.8 ours0=72.6 ours=72.4 base_fpg1=64.0 van_fpg1=62.0 ours_fpg1=86.0 
  Times cpu/wall (s): train=165.1/21.3, base=24.7/3.2, vanilla=24.3/3.1, ours0=24.9/3.4, ours=25.2/3.2, oracle=9.5/1.2
[n=240 mixed kg_frac=1.0 s=9 gates=two] base=60.0 van=58.0 ours0=75.6 ours=77.0 base_fpg1=59.6 van_fpg1=61.2 ours_fpg1=84.2 
  Times cpu/wall (s): train=235.9/30.5, base=24.5/3.2, vanilla=24.6/3.2, ours0=24.7/3.2, ours=25.4/3.3, oracle=9.6/1.2

=== mean test acc (%) ===
                 base  vanilla  ours0  ours  base_fpg1  vanilla_fpg1  ours_fpg1  oracle  headroom  gain  captured%  tok_cost  gain_fpg1
kg_frac n_train                                                                                                                        
1.0     30       53.0     53.1   53.4  56.9       52.5          52.9       58.0    58.2       5.2   3.9       75.0      -0.5        5.5
        60       57.1     58.3   58.2  59.6       57.1          57.4       61.8    61.2       4.1   2.5       61.0       0.0        4.7
        120      61.1     60.9   62.8  64.7       60.4          59.9       74.6    65.4       4.3   3.6       84.0      -0.7       14.2
        240      62.6     61.8   73.1  74.5       61.6          61.3       84.3    69.3       6.7  11.9      178.0      -1.0       22.7

(read: gain = ours - base = total KG gain; headroom = oracle - base = what a perfect KG could buy; captured% = gain/headroom; ours0 - base = perm-sampler share; vanilla differs from base only by preprocessing, not KG; tok_cost = base_fpg1 - base = price of 1-column tokens; gain_fpg1 = ours_fpg1 - base_fpg1 = exact-prior KG gain, no clustering)
Records saved -> kgam_results/kgam_mixed_d50_f1.0_pmax_mixed_lamtwo_records.json
Plot saved -> kgam_results/kgam_mixed_d50_f1.0_pmax_mixed_lamtwo_frac1.0_pmax_acc.png
Layer-wise Lambda Plot saved -> kgam_results/kgam_mixed_d50_f1.0_pmax_mixed_lamtwo_frac1.0_pmax_lambdas.png
Time Plot saved -> kgam_results/kgam_mixed_d50_f1.0_pmax_mixed_lamtwo_frac1.0_pmax_times.png
Loss/gate-trajectory plot saved -> kgam_results/kgam_mixed_d50_f1.0_pmax_mixed_lamtwo_frac1.0_pmax_loss.png
