[n=30 mixed kg_frac=1.0 s=0 gates=two] base=51.2 van=51.0 ours0=52.0 ours=53.0 base_fpg1=50.2 van_fpg1=49.6 ours_fpg1=65.0 
  Times cpu/wall (s): train=491.8/290.5, base=33.4/4.3, vanilla=30.5/3.9, ours0=33.1/4.3, ours=34.0/4.4, oracle=6.7/0.9
[n=30 mixed kg_frac=1.0 s=1 gates=two] base=51.4 van=53.0 ours0=51.4 ours=55.4 base_fpg1=50.8 van_fpg1=50.0 ours_fpg1=52.0 
  Times cpu/wall (s): train=162.3/21.7, base=32.8/4.3, vanilla=30.8/4.0, ours0=32.4/4.2, ours=33.3/4.6, oracle=6.9/0.9
[n=30 mixed kg_frac=1.0 s=2 gates=two] base=48.6 van=48.2 ours0=47.8 ours=47.4 base_fpg1=46.4 van_fpg1=47.8 ours_fpg1=58.8 
  Times cpu/wall (s): train=199.2/26.2, base=32.3/4.2, vanilla=30.3/3.9, ours0=32.3/4.3, ours=32.7/4.2, oracle=6.9/0.9
[n=30 mixed kg_frac=1.0 s=3 gates=two] base=50.8 van=47.8 ours0=49.4 ours=50.8 base_fpg1=51.4 van_fpg1=47.0 ours_fpg1=50.8 
  Times cpu/wall (s): train=124.3/16.4, base=31.8/4.1, vanilla=30.2/3.9, ours0=31.9/4.1, ours=32.4/4.4, oracle=7.0/0.9
[n=30 mixed kg_frac=1.0 s=4 gates=two] base=45.8 van=49.6 ours0=48.4 ours=58.2 base_fpg1=50.8 van_fpg1=51.4 ours_fpg1=66.4 
  Times cpu/wall (s): train=189.9/25.2, base=32.2/4.2, vanilla=30.2/3.9, ours0=32.2/4.2, ours=33.2/4.5, oracle=7.0/0.9
[n=30 mixed kg_frac=1.0 s=5 gates=two] base=48.2 van=46.8 ours0=47.0 ours=52.8 base_fpg1=47.6 van_fpg1=45.4 ours_fpg1=51.8 
  Times cpu/wall (s): train=152.2/20.2, base=32.1/4.2, vanilla=30.1/3.9, ours0=31.8/4.1, ours=32.5/4.4, oracle=53.6/7.8
[n=30 mixed kg_frac=1.0 s=6 gates=two] base=48.6 van=48.2 ours0=51.2 ours=56.2 base_fpg1=49.6 van_fpg1=47.6 ours_fpg1=55.6 
  Times cpu/wall (s): train=217.4/38.5, base=32.6/4.2, vanilla=30.4/3.9, ours0=32.4/4.4, ours=32.9/4.3, oracle=7.0/0.9
[n=30 mixed kg_frac=1.0 s=7 gates=two] base=51.4 van=50.2 ours0=51.6 ours=50.6 base_fpg1=49.0 van_fpg1=50.6 ours_fpg1=50.0 
  Times cpu/wall (s): train=134.4/18.2, base=32.1/4.2, vanilla=30.3/3.9, ours0=32.7/4.4, ours=32.9/4.3, oracle=7.1/0.9
[n=30 mixed kg_frac=1.0 s=8 gates=two] base=54.4 van=53.2 ours0=53.4 ours=55.4 base_fpg1=52.6 van_fpg1=53.0 ours_fpg1=55.0 
  Times cpu/wall (s): train=99.6/13.1, base=32.5/4.2, vanilla=30.4/3.9, ours0=32.1/4.2, ours=33.0/4.5, oracle=7.0/0.9
[n=30 mixed kg_frac=1.0 s=9 gates=two] base=56.0 van=58.0 ours0=56.4 ours=60.8 base_fpg1=58.4 van_fpg1=57.6 ours_fpg1=63.0 
  Times cpu/wall (s): train=169.3/22.5, base=31.9/4.1, vanilla=30.1/3.9, ours0=32.0/4.1, ours=32.7/4.4, oracle=6.9/0.9
[n=60 mixed kg_frac=1.0 s=0 gates=two] base=57.4 van=55.0 ours0=59.0 ours=61.6 base_fpg1=59.6 van_fpg1=53.2 ours_fpg1=67.0 
  Times cpu/wall (s): train=125.3/16.4, base=33.9/4.4, vanilla=32.6/4.2, ours0=33.9/4.4, ours=34.8/4.6, oracle=7.2/0.9
[n=60 mixed kg_frac=1.0 s=1 gates=two] base=55.0 van=51.0 ours0=56.6 ours=63.6 base_fpg1=53.2 van_fpg1=53.4 ours_fpg1=63.2 
  Times cpu/wall (s): train=129.0/17.1, base=34.6/4.5, vanilla=32.6/4.2, ours0=34.2/4.4, ours=35.1/4.7, oracle=7.2/0.9
[n=60 mixed kg_frac=1.0 s=2 gates=two] base=49.6 van=49.6 ours0=50.0 ours=53.2 base_fpg1=47.6 van_fpg1=48.2 ours_fpg1=64.0 
  Times cpu/wall (s): train=130.7/17.2, base=34.8/4.5, vanilla=62.8/9.0, ours0=34.4/4.5, ours=35.3/4.8, oracle=7.4/1.0
[n=60 mixed kg_frac=1.0 s=3 gates=two] base=58.8 van=58.4 ours0=58.8 ours=61.4 base_fpg1=58.6 van_fpg1=57.8 ours_fpg1=62.2 
  Times cpu/wall (s): train=128.3/16.7, base=33.3/4.3, vanilla=32.5/4.2, ours0=33.8/4.5, ours=34.1/4.4, oracle=7.4/1.0
[n=60 mixed kg_frac=1.0 s=4 gates=two] base=53.4 van=52.4 ours0=54.4 ours=59.2 base_fpg1=54.0 van_fpg1=55.6 ours_fpg1=67.0 
  Times cpu/wall (s): train=123.6/16.1, base=33.5/4.3, vanilla=32.6/4.2, ours0=33.4/4.3, ours=34.1/4.6, oracle=7.3/1.0
[n=60 mixed kg_frac=1.0 s=5 gates=two] base=62.2 van=59.0 ours0=61.4 ours=65.2 base_fpg1=57.6 van_fpg1=57.6 ours_fpg1=70.2 
  Times cpu/wall (s): train=214.6/28.0, base=33.7/4.4, vanilla=32.4/4.2, ours0=33.3/4.3, ours=34.0/4.6, oracle=7.2/0.9
[n=60 mixed kg_frac=1.0 s=6 gates=two] base=62.0 van=55.2 ours0=59.2 ours=61.8 base_fpg1=59.8 van_fpg1=62.0 ours_fpg1=59.2 
  Times cpu/wall (s): train=209.3/27.3, base=33.3/4.3, vanilla=32.2/4.1, ours0=33.3/4.3, ours=34.0/4.5, oracle=7.2/0.9
[n=60 mixed kg_frac=1.0 s=7 gates=two] base=51.8 van=57.0 ours0=52.6 ours=58.2 base_fpg1=51.8 van_fpg1=52.4 ours_fpg1=66.6 
  Times cpu/wall (s): train=194.3/25.5, base=33.5/4.3, vanilla=32.3/4.2, ours0=33.7/4.4, ours=34.0/4.6, oracle=7.2/0.9
[n=60 mixed kg_frac=1.0 s=8 gates=two] base=51.0 van=48.2 ours0=50.0 ours=59.6 base_fpg1=49.4 van_fpg1=46.6 ours_fpg1=56.0 
  Times cpu/wall (s): train=210.8/27.5, base=33.3/4.3, vanilla=32.3/4.2, ours0=33.5/4.5, ours=33.9/4.4, oracle=7.2/0.9
[n=60 mixed kg_frac=1.0 s=9 gates=two] base=63.6 van=60.8 ours0=65.0 ours=64.6 base_fpg1=63.6 van_fpg1=62.4 ours_fpg1=71.8 
  Times cpu/wall (s): train=126.5/16.5, base=33.6/4.5, vanilla=32.3/4.2, ours0=33.5/4.3, ours=34.1/4.4, oracle=7.2/0.9
[n=120 mixed kg_frac=1.0 s=0 gates=two] base=56.6 van=61.2 ours0=65.6 ours=69.8 base_fpg1=58.8 van_fpg1=57.6 ours_fpg1=80.8 
  Times cpu/wall (s): train=469.5/60.8, base=38.6/5.0, vanilla=38.2/4.9, ours0=38.5/5.0, ours=39.5/5.1, oracle=8.1/1.1
[n=120 mixed kg_frac=1.0 s=1 gates=two] base=59.8 van=61.0 ours0=62.4 ours=66.8 base_fpg1=60.0 van_fpg1=63.2 ours_fpg1=76.4 
  Times cpu/wall (s): train=371.4/47.8, base=38.8/5.2, vanilla=37.8/4.9, ours0=38.2/4.9, ours=39.4/5.1, oracle=8.0/1.0
[n=120 mixed kg_frac=1.0 s=2 gates=two] base=65.4 van=64.2 ours0=67.6 ours=67.0 base_fpg1=65.0 van_fpg1=60.2 ours_fpg1=67.6 
  Times cpu/wall (s): train=337.4/43.6, base=38.3/4.9, vanilla=37.7/4.9, ours0=38.0/4.9, ours=39.2/5.2, oracle=8.0/1.0
[n=120 mixed kg_frac=1.0 s=3 gates=two] base=53.4 van=54.2 ours0=59.2 ours=67.4 base_fpg1=51.6 van_fpg1=50.4 ours_fpg1=72.6 
  Times cpu/wall (s): train=308.4/39.7, base=38.7/5.0, vanilla=38.0/4.9, ours0=38.7/5.2, ours=39.6/5.1, oracle=8.0/1.0
[n=120 mixed kg_frac=1.0 s=4 gates=two] base=63.4 van=60.6 ours0=64.2 ours=66.6 base_fpg1=63.6 van_fpg1=62.2 ours_fpg1=77.2 
  Times cpu/wall (s): train=377.1/49.4, base=38.6/5.0, vanilla=38.5/5.0, ours0=38.7/5.0, ours=58.0/7.9, oracle=8.1/1.0
[n=120 mixed kg_frac=1.0 s=5 gates=two] base=55.2 van=53.0 ours0=56.0 ours=71.6 base_fpg1=54.0 van_fpg1=54.6 ours_fpg1=79.4 
  Times cpu/wall (s): train=340.6/43.8, base=38.3/4.9, vanilla=37.7/4.9, ours0=38.3/4.9, ours=39.6/5.2, oracle=8.0/1.0
[n=120 mixed kg_frac=1.0 s=6 gates=two] base=59.6 van=53.8 ours0=61.6 ours=64.2 base_fpg1=55.0 van_fpg1=53.0 ours_fpg1=75.4 
  Times cpu/wall (s): train=502.2/67.3, base=38.4/4.9, vanilla=37.7/4.8, ours0=42.1/5.5, ours=39.7/5.3, oracle=8.1/1.1
[n=120 mixed kg_frac=1.0 s=7 gates=two] base=59.0 van=59.4 ours0=62.2 ours=74.2 base_fpg1=61.4 van_fpg1=59.6 ours_fpg1=80.0 
  Times cpu/wall (s): train=473.7/60.9, base=38.5/5.1, vanilla=37.9/4.9, ours0=38.4/4.9, ours=39.5/5.1, oracle=8.0/1.0
[n=120 mixed kg_frac=1.0 s=8 gates=two] base=56.8 van=58.6 ours0=60.6 ours=63.2 base_fpg1=55.6 van_fpg1=55.8 ours_fpg1=78.6 
  Times cpu/wall (s): train=477.6/61.7, base=38.3/4.9, vanilla=37.8/4.9, ours0=38.3/4.9, ours=74.2/10.3, oracle=8.1/1.1
[n=120 mixed kg_frac=1.0 s=9 gates=two] base=57.2 van=58.4 ours0=58.2 ours=59.8 base_fpg1=58.8 van_fpg1=58.0 ours_fpg1=74.8 
  Times cpu/wall (s): train=326.1/42.1, base=38.4/4.9, vanilla=37.8/4.9, ours0=38.4/4.9, ours=39.4/5.1, oracle=8.1/1.0
[n=240 mixed kg_frac=1.0 s=0 gates=two] base=65.8 van=64.2 ours0=76.8 ours=75.0 base_fpg1=66.4 van_fpg1=63.4 ours_fpg1=84.4 
  Times cpu/wall (s): train=358.9/46.2, base=45.0/5.8, vanilla=47.8/6.1, ours0=45.1/5.8, ours=46.5/6.0, oracle=9.4/1.2
[n=240 mixed kg_frac=1.0 s=1 gates=two] base=62.4 van=64.0 ours0=63.2 ours=72.4 base_fpg1=57.0 van_fpg1=62.2 ours_fpg1=78.6 
  Times cpu/wall (s): train=646.7/83.0, base=45.2/5.8, vanilla=47.9/6.1, ours0=45.5/5.8, ours=47.0/6.2, oracle=9.5/1.2
[n=240 mixed kg_frac=1.0 s=2 gates=two] base=64.2 van=60.6 ours0=64.0 ours=73.0 base_fpg1=61.4 van_fpg1=59.8 ours_fpg1=85.6 
  Times cpu/wall (s): train=317.6/40.7, base=45.3/5.8, vanilla=48.2/6.2, ours0=45.5/6.0, ours=46.8/6.0, oracle=9.4/1.2
[n=240 mixed kg_frac=1.0 s=3 gates=two] base=58.8 van=62.0 ours0=73.4 ours=75.6 base_fpg1=57.4 van_fpg1=60.6 ours_fpg1=85.6 
  Times cpu/wall (s): train=457.9/58.7, base=45.4/5.8, vanilla=48.2/6.2, ours0=45.6/6.0, ours=46.7/6.0, oracle=9.4/1.2
[n=240 mixed kg_frac=1.0 s=4 gates=two] base=56.6 van=55.4 ours0=78.2 ours=81.6 base_fpg1=57.4 van_fpg1=57.0 ours_fpg1=84.8 
  Times cpu/wall (s): train=318.9/40.9, base=45.2/5.8, vanilla=48.0/6.2, ours0=45.5/6.0, ours=46.7/6.0, oracle=9.4/1.2
[n=240 mixed kg_frac=1.0 s=5 gates=two] base=60.8 van=61.6 ours0=73.6 ours=75.0 base_fpg1=61.0 van_fpg1=53.6 ours_fpg1=81.6 
  Times cpu/wall (s): train=508.3/65.2, base=45.0/5.8, vanilla=47.9/6.5, ours0=44.3/5.7, ours=45.4/5.8, oracle=9.5/1.2
[n=240 mixed kg_frac=1.0 s=6 gates=two] base=68.8 van=70.0 ours0=77.8 ours=73.8 base_fpg1=69.4 van_fpg1=69.4 ours_fpg1=85.6 
  Times cpu/wall (s): train=682.3/87.7, base=44.1/5.7, vanilla=47.9/6.2, ours0=44.2/5.7, ours=45.5/6.0, oracle=9.4/1.2
[n=240 mixed kg_frac=1.0 s=7 gates=two] base=66.0 van=56.0 ours0=68.6 ours=82.6 base_fpg1=58.0 van_fpg1=56.0 ours_fpg1=83.4 
  Times cpu/wall (s): train=683.4/87.8, base=43.9/5.6, vanilla=47.4/6.1, ours0=44.0/5.6, ours=45.2/5.9, oracle=9.3/1.2
[n=240 mixed kg_frac=1.0 s=8 gates=two] base=60.4 van=61.4 ours0=75.2 ours=78.0 base_fpg1=60.0 van_fpg1=60.6 ours_fpg1=86.6 
  Times cpu/wall (s): train=452.8/58.2, base=44.7/5.7, vanilla=47.8/6.1, ours0=44.3/5.7, ours=45.3/6.0, oracle=9.2/1.2
[n=240 mixed kg_frac=1.0 s=9 gates=two] base=63.0 van=62.2 ours0=70.6 ours=77.0 base_fpg1=63.0 van_fpg1=62.2 ours_fpg1=84.6 
  Times cpu/wall (s): train=584.9/75.0, base=44.6/5.9, vanilla=47.9/6.2, ours0=44.4/5.7, ours=45.5/5.8, oracle=9.3/1.2

=== mean test acc (%) ===
                 base  vanilla  ours0  ours  base_fpg1  vanilla_fpg1  ours_fpg1  oracle  headroom  gain  captured%  tok_cost  gain_fpg1
kg_frac n_train                                                                                                                        
1.0     30       50.6     50.6   50.9  54.1       50.7          50.0       56.8    55.2       4.6   3.5       76.0       0.1        6.1
        60       56.5     54.7   56.7  60.8       55.5          54.9       64.7    59.6       3.1   4.3      139.0      -1.0        9.2
        120      58.6     58.4   61.8  67.1       58.4          57.5       76.3    65.2       6.6   8.5      129.0      -0.2       17.9
        240      62.7     61.7   72.1  76.4       61.1          60.5       84.1    71.9       9.2  13.7      149.0      -1.6       23.0

(read: gain = ours - base = total KG gain; headroom = oracle - base = what a perfect KG could buy; captured% = gain/headroom; ours0 - base = perm-sampler share; vanilla differs from base only by preprocessing, not KG; tok_cost = base_fpg1 - base = price of 1-column tokens; gain_fpg1 = ours_fpg1 - base_fpg1 = exact-prior KG gain, no clustering)
Records saved -> kgam_results/kgam_mixed_d100_f1.0_pmean_mixed_lamtwo_records.json
Plot saved -> kgam_results/kgam_mixed_d100_f1.0_pmean_mixed_lamtwo_frac1.0_pmean_acc.png
Layer-wise Lambda Plot saved -> kgam_results/kgam_mixed_d100_f1.0_pmean_mixed_lamtwo_frac1.0_pmean_lambdas.png
Time Plot saved -> kgam_results/kgam_mixed_d100_f1.0_pmean_mixed_lamtwo_frac1.0_pmean_times.png
Loss/gate-trajectory plot saved -> kgam_results/kgam_mixed_d100_f1.0_pmean_mixed_lamtwo_frac1.0_pmean_loss.png
