[n=30 mixed kg_frac=0.7 s=0 gates=two] base=59.8 van=59.4 ours0=60.4 ours=61.6 base_fpg1=58.4 van_fpg1=59.8 ours_fpg1=61.6 
  Times cpu/wall (s): train=91.8/13.2, base=13.3/2.0, vanilla=11.8/1.5, ours0=12.9/1.7, ours=13.3/1.8, oracle=5.7/0.8
[n=30 mixed kg_frac=0.7 s=1 gates=two] base=50.8 van=51.0 ours0=51.4 ours=52.4 base_fpg1=51.2 van_fpg1=50.4 ours_fpg1=50.8 
  Times cpu/wall (s): train=101.4/13.6, base=12.3/1.6, vanilla=11.2/1.5, ours0=12.5/1.7, ours=13.4/1.8, oracle=5.9/1.0
[n=30 mixed kg_frac=0.7 s=2 gates=two] base=49.0 van=48.2 ours0=49.4 ours=52.2 base_fpg1=46.6 van_fpg1=45.8 ours_fpg1=64.8 
  Times cpu/wall (s): train=115.4/15.5, base=12.9/1.7, vanilla=11.9/1.8, ours0=12.9/1.7, ours=13.3/1.8, oracle=5.7/0.8
[n=30 mixed kg_frac=0.7 s=3 gates=two] base=55.2 van=54.2 ours0=54.2 ours=56.6 base_fpg1=55.2 van_fpg1=57.2 ours_fpg1=59.4 
  Times cpu/wall (s): train=121.5/16.3, base=12.7/1.7, vanilla=11.4/1.5, ours0=12.4/1.6, ours=13.3/1.8, oracle=5.7/0.8
[n=30 mixed kg_frac=0.7 s=4 gates=two] base=51.4 van=52.6 ours0=51.4 ours=59.4 base_fpg1=48.4 van_fpg1=51.4 ours_fpg1=56.6 
  Times cpu/wall (s): train=115.3/15.6, base=12.9/1.7, vanilla=11.6/1.5, ours0=12.8/1.7, ours=13.6/1.9, oracle=5.7/0.8
[n=30 mixed kg_frac=0.7 s=5 gates=two] base=55.8 van=57.0 ours0=55.6 ours=57.6 base_fpg1=58.0 van_fpg1=56.4 ours_fpg1=59.0 
  Times cpu/wall (s): train=114.2/15.4, base=13.0/1.9, vanilla=11.6/1.5, ours0=12.9/1.7, ours=13.4/1.8, oracle=5.6/0.7
[n=30 mixed kg_frac=0.7 s=6 gates=two] base=51.4 van=50.6 ours0=51.2 ours=54.0 base_fpg1=52.2 van_fpg1=50.0 ours_fpg1=53.0 
  Times cpu/wall (s): train=142.4/19.2, base=12.9/1.7, vanilla=11.8/1.5, ours0=12.9/1.7, ours=13.4/1.8, oracle=5.7/0.8
[n=30 mixed kg_frac=0.7 s=7 gates=two] base=53.2 van=53.4 ours0=51.2 ours=60.2 base_fpg1=51.8 van_fpg1=54.4 ours_fpg1=58.8 
  Times cpu/wall (s): train=83.5/11.3, base=12.7/1.7, vanilla=11.7/1.5, ours0=13.0/1.9, ours=13.2/1.7, oracle=5.6/0.7
[n=30 mixed kg_frac=0.7 s=8 gates=two] base=49.4 van=50.2 ours0=49.2 ours=53.0 base_fpg1=49.4 van_fpg1=48.6 ours_fpg1=50.6 
  Times cpu/wall (s): train=108.6/14.7, base=13.1/1.9, vanilla=11.7/1.5, ours0=12.9/1.7, ours=13.3/1.7, oracle=5.7/0.8
[n=30 mixed kg_frac=0.7 s=9 gates=two] base=53.6 van=54.0 ours0=52.8 ours=54.0 base_fpg1=53.4 van_fpg1=54.8 ours_fpg1=54.2 
  Times cpu/wall (s): train=117.3/15.8, base=12.9/1.7, vanilla=11.7/1.5, ours0=12.9/1.7, ours=13.6/1.9, oracle=5.7/0.8
[n=60 mixed kg_frac=0.7 s=0 gates=two] base=57.6 van=56.4 ours0=57.8 ours=60.2 base_fpg1=55.2 van_fpg1=58.4 ours_fpg1=56.6 
  Times cpu/wall (s): train=125.3/16.8, base=13.7/1.8, vanilla=13.1/1.7, ours0=13.8/2.0, ours=14.1/1.9, oracle=5.9/0.8
[n=60 mixed kg_frac=0.7 s=1 gates=two] base=61.6 van=62.6 ours0=59.6 ours=64.2 base_fpg1=62.2 van_fpg1=58.2 ours_fpg1=62.8 
  Times cpu/wall (s): train=145.0/19.4, base=13.7/1.8, vanilla=12.9/1.7, ours0=13.8/1.8, ours=14.1/1.9, oracle=6.0/0.8
[n=60 mixed kg_frac=0.7 s=2 gates=two] base=60.4 van=60.2 ours0=62.2 ours=62.6 base_fpg1=61.2 van_fpg1=62.0 ours_fpg1=65.4 
  Times cpu/wall (s): train=81.6/10.9, base=13.7/1.8, vanilla=13.0/1.7, ours0=13.8/1.8, ours=14.5/2.1, oracle=6.0/0.8
[n=60 mixed kg_frac=0.7 s=3 gates=two] base=53.6 van=53.6 ours0=53.6 ours=55.2 base_fpg1=55.2 van_fpg1=52.8 ours_fpg1=50.6 
  Times cpu/wall (s): train=128.4/17.2, base=13.8/1.8, vanilla=13.3/1.9, ours0=13.9/1.8, ours=14.1/1.9, oracle=6.1/0.8
[n=60 mixed kg_frac=0.7 s=4 gates=two] base=56.4 van=59.0 ours0=55.6 ours=60.6 base_fpg1=55.6 van_fpg1=58.0 ours_fpg1=63.8 
  Times cpu/wall (s): train=117.2/15.7, base=14.0/1.9, vanilla=13.0/1.7, ours0=13.8/1.8, ours=14.1/1.9, oracle=6.0/0.8
[n=60 mixed kg_frac=0.7 s=5 gates=two] base=63.6 van=62.6 ours0=65.4 ours=64.6 base_fpg1=64.2 van_fpg1=63.2 ours_fpg1=65.6 
  Times cpu/wall (s): train=130.9/17.5, base=13.7/1.8, vanilla=13.0/1.7, ours0=13.7/1.8, ours=14.4/2.1, oracle=6.0/0.8
[n=60 mixed kg_frac=0.7 s=6 gates=two] base=63.0 van=62.4 ours0=62.2 ours=66.8 base_fpg1=65.6 van_fpg1=64.6 ours_fpg1=63.8 
  Times cpu/wall (s): train=157.3/21.0, base=14.0/2.0, vanilla=13.1/1.7, ours0=13.7/1.8, ours=14.1/1.9, oracle=6.0/0.8
[n=60 mixed kg_frac=0.7 s=7 gates=two] base=48.2 van=50.8 ours0=48.4 ours=50.4 base_fpg1=50.4 van_fpg1=49.2 ours_fpg1=49.4 
  Times cpu/wall (s): train=74.2/9.9, base=13.7/1.8, vanilla=13.1/1.7, ours0=13.7/1.8, ours=14.1/1.9, oracle=5.9/0.8
[n=60 mixed kg_frac=0.7 s=8 gates=two] base=52.8 van=61.0 ours0=55.2 ours=58.6 base_fpg1=50.4 van_fpg1=56.6 ours_fpg1=59.4 
  Times cpu/wall (s): train=74.9/10.0, base=13.8/1.8, vanilla=13.1/1.7, ours0=13.9/2.0, ours=14.1/1.9, oracle=6.0/0.8
[n=60 mixed kg_frac=0.7 s=9 gates=two] base=54.0 van=54.8 ours0=53.2 ours=64.6 base_fpg1=50.6 van_fpg1=51.0 ours_fpg1=55.6 
  Times cpu/wall (s): train=97.2/13.2, base=13.9/1.8, vanilla=13.1/1.7, ours0=13.8/1.8, ours=14.2/1.9, oracle=6.0/0.8
[n=120 mixed kg_frac=0.7 s=0 gates=two] base=62.6 van=62.2 ours0=65.4 ours=64.4 base_fpg1=63.2 van_fpg1=62.6 ours_fpg1=69.2 
  Times cpu/wall (s): train=120.6/16.0, base=15.5/2.1, vanilla=15.4/2.0, ours0=15.4/2.0, ours=16.1/2.3, oracle=6.6/0.9
[n=120 mixed kg_frac=0.7 s=1 gates=two] base=60.2 van=63.2 ours0=61.2 ours=61.4 base_fpg1=60.8 van_fpg1=63.4 ours_fpg1=64.4 
  Times cpu/wall (s): train=88.1/11.7, base=15.5/2.1, vanilla=15.7/2.1, ours0=15.7/2.2, ours=16.0/2.1, oracle=6.6/0.9
[n=120 mixed kg_frac=0.7 s=2 gates=two] base=61.4 van=62.8 ours0=62.8 ours=65.4 base_fpg1=59.4 van_fpg1=61.8 ours_fpg1=69.0 
  Times cpu/wall (s): train=119.9/16.0, base=15.4/2.0, vanilla=15.4/2.0, ours0=15.5/2.0, ours=16.0/2.1, oracle=6.6/0.9
[n=120 mixed kg_frac=0.7 s=3 gates=two] base=66.2 van=66.8 ours0=69.0 ours=72.4 base_fpg1=65.4 van_fpg1=66.6 ours_fpg1=69.6 
  Times cpu/wall (s): train=143.4/19.0, base=15.6/2.1, vanilla=15.7/2.1, ours0=15.6/2.1, ours=16.3/2.3, oracle=6.6/0.9
[n=120 mixed kg_frac=0.7 s=4 gates=two] base=60.8 van=60.8 ours0=62.2 ours=66.0 base_fpg1=60.2 van_fpg1=58.6 ours_fpg1=74.6 
  Times cpu/wall (s): train=102.4/13.5, base=14.5/1.9, vanilla=15.0/2.1, ours0=14.8/2.0, ours=14.9/1.9, oracle=6.0/0.8
[n=120 mixed kg_frac=0.7 s=5 gates=two] base=55.4 van=55.2 ours0=55.4 ours=58.6 base_fpg1=53.8 van_fpg1=50.8 ours_fpg1=60.2 
  Times cpu/wall (s): train=83.4/11.0, base=14.6/1.9, vanilla=14.8/1.9, ours0=15.0/2.0, ours=14.8/1.9, oracle=6.1/0.8
[n=120 mixed kg_frac=0.7 s=6 gates=two] base=62.8 van=62.0 ours0=63.0 ours=62.2 base_fpg1=63.6 van_fpg1=59.4 ours_fpg1=65.2 
  Times cpu/wall (s): train=167.6/22.2, base=14.2/1.9, vanilla=14.0/1.8, ours0=27.5/4.2, ours=14.1/2.0, oracle=5.4/0.7
[n=120 mixed kg_frac=0.7 s=7 gates=two] base=66.2 van=64.6 ours0=65.8 ours=65.6 base_fpg1=67.0 van_fpg1=64.6 ours_fpg1=67.8 
  Times cpu/wall (s): train=103.6/13.8, base=16.3/2.4, vanilla=16.1/2.1, ours0=16.0/2.1, ours=15.6/2.1, oracle=6.7/0.9
[n=120 mixed kg_frac=0.7 s=8 gates=two] base=57.4 van=53.0 ours0=52.0 ours=57.2 base_fpg1=51.2 van_fpg1=52.2 ours_fpg1=59.6 
  Times cpu/wall (s): train=111.7/14.9, base=15.8/2.1, vanilla=14.2/1.9, ours0=14.6/1.9, ours=15.0/2.0, oracle=6.1/0.8
[n=120 mixed kg_frac=0.7 s=9 gates=two] base=58.2 van=58.0 ours0=64.6 ours=63.6 base_fpg1=59.2 van_fpg1=58.8 ours_fpg1=65.4 
  Times cpu/wall (s): train=220.6/29.4, base=16.1/2.1, vanilla=15.9/2.1, ours0=16.2/2.3, ours=15.4/2.0, oracle=6.7/0.9
[n=240 mixed kg_frac=0.7 s=0 gates=two] base=70.6 van=66.2 ours0=69.4 ours=70.6 base_fpg1=63.6 van_fpg1=61.8 ours_fpg1=78.4 
  Times cpu/wall (s): train=290.9/38.3, base=19.7/2.8, vanilla=19.8/2.6, ours0=19.4/2.6, ours=19.3/2.5, oracle=7.8/1.0
[n=240 mixed kg_frac=0.7 s=1 gates=two] base=63.8 van=63.2 ours0=73.8 ours=74.2 base_fpg1=64.2 van_fpg1=64.0 ours_fpg1=79.4 
  Times cpu/wall (s): train=207.3/27.2, base=19.8/2.6, vanilla=19.9/2.6, ours0=19.8/2.6, ours=19.2/2.7, oracle=7.7/1.0
[n=240 mixed kg_frac=0.7 s=2 gates=two] base=62.0 van=62.0 ours0=62.8 ours=62.4 base_fpg1=62.4 van_fpg1=61.2 ours_fpg1=75.0 
  Times cpu/wall (s): train=141.8/18.7, base=19.6/2.6, vanilla=20.0/2.8, ours0=19.7/2.6, ours=19.0/2.5, oracle=7.8/1.0
[n=240 mixed kg_frac=0.7 s=3 gates=two] base=59.2 van=59.4 ours0=65.2 ours=68.6 base_fpg1=57.6 van_fpg1=57.4 ours_fpg1=71.4 
  Times cpu/wall (s): train=135.9/17.9, base=19.6/2.6, vanilla=19.6/2.6, ours0=19.1/2.5, ours=18.8/2.5, oracle=7.6/1.0
[n=240 mixed kg_frac=0.7 s=4 gates=two] base=64.4 van=63.6 ours0=74.8 ours=73.6 base_fpg1=65.0 van_fpg1=64.0 ours_fpg1=80.2 
  Times cpu/wall (s): train=183.5/24.1, base=17.1/2.2, vanilla=17.6/2.3, ours0=17.5/2.5, ours=17.1/2.2, oracle=7.2/1.0
[n=240 mixed kg_frac=0.7 s=5 gates=two] base=59.8 van=60.2 ours0=81.2 ours=83.0 base_fpg1=60.4 van_fpg1=60.6 ours_fpg1=76.0 
  Times cpu/wall (s): train=170.9/22.4, base=18.2/2.6, vanilla=18.0/2.4, ours0=17.8/2.3, ours=17.5/2.3, oracle=7.3/1.0
[n=240 mixed kg_frac=0.7 s=6 gates=two] base=59.0 van=62.0 ours0=61.8 ours=67.6 base_fpg1=58.6 van_fpg1=60.2 ours_fpg1=63.6 
  Times cpu/wall (s): train=164.7/21.6, base=17.0/2.2, vanilla=18.0/2.4, ours0=17.7/2.3, ours=17.0/2.2, oracle=7.4/1.0
[n=240 mixed kg_frac=0.7 s=7 gates=two] base=59.6 van=60.4 ours0=67.4 ours=70.6 base_fpg1=60.4 van_fpg1=60.2 ours_fpg1=75.6 
  Times cpu/wall (s): train=214.7/28.2, base=17.6/2.3, vanilla=17.7/2.3, ours0=18.0/2.6, ours=17.5/2.3, oracle=7.1/0.9
[n=240 mixed kg_frac=0.7 s=8 gates=two] base=67.4 van=62.8 ours0=70.8 ours=69.8 base_fpg1=64.0 van_fpg1=62.0 ours_fpg1=80.0 
  Times cpu/wall (s): train=258.4/34.0, base=17.8/2.3, vanilla=17.3/2.3, ours0=17.5/2.3, ours=17.7/2.3, oracle=6.9/0.9
[n=240 mixed kg_frac=0.7 s=9 gates=two] base=60.0 van=58.0 ours0=69.2 ours=73.8 base_fpg1=59.6 van_fpg1=61.2 ours_fpg1=80.2 
  Times cpu/wall (s): train=159.1/20.9, base=17.4/2.3, vanilla=18.0/2.4, ours0=17.3/2.3, ours=17.5/2.4, oracle=7.0/0.9

=== mean test acc (%) ===
                 base  vanilla  ours0  ours  base_fpg1  vanilla_fpg1  ours_fpg1  oracle  headroom  gain  captured%  tok_cost  gain_fpg1
kg_frac n_train                                                                                                                        
0.7     30       53.0     53.1   52.7  56.1       52.5          52.9       56.9    58.2       5.2   3.1       60.0      -0.5        4.4
        60       57.1     58.3   57.3  60.8       57.1          57.4       59.3    61.2       4.1   3.7       90.0       0.0        2.2
        120      61.1     60.9   62.1  63.7       60.4          59.9       66.5    65.4       4.3   2.6       60.0      -0.7        6.1
        240      62.6     61.8   69.6  71.4       61.6          61.3       76.0    69.3       6.7   8.8      131.0      -1.0       14.4

(read: gain = ours - base = total KG gain; headroom = oracle - base = what a perfect KG could buy; captured% = gain/headroom; ours0 - base = perm-sampler share; vanilla differs from base only by preprocessing, not KG; tok_cost = base_fpg1 - base = price of 1-column tokens; gain_fpg1 = ours_fpg1 - base_fpg1 = exact-prior KG gain, no clustering)
Records saved -> kgam_results/kgam_mixed_d50_f0.7_pmax_mixed_lamtwo_records.json
Plot saved -> kgam_results/kgam_mixed_d50_f0.7_pmax_mixed_lamtwo_frac0.7_pmax_acc.png
Layer-wise Lambda Plot saved -> kgam_results/kgam_mixed_d50_f0.7_pmax_mixed_lamtwo_frac0.7_pmax_lambdas.png
Time Plot saved -> kgam_results/kgam_mixed_d50_f0.7_pmax_mixed_lamtwo_frac0.7_pmax_times.png
Loss/gate-trajectory plot saved -> kgam_results/kgam_mixed_d50_f0.7_pmax_mixed_lamtwo_frac0.7_pmax_loss.png
